// Jest Snapshot v1, https://goo.gl/fbAQLP

exports[`MovieSearchForm matches snapshot 1`] = `
<DocumentFragment>
  <div
    class="d-flex flex-column w-100"
  >
    <div
      class="position-relative"
    >
      <input
        class="search-input form-control"
        data-testid="search-input"
        name="search"
        placeholder="Search by movie title"
        type="text"
        value=""
      />
      <i
        class="fas fa-search search-btn"
      />
    </div>
  </div>
</DocumentFragment>
`;
